Java HotSpot(TM) 64-Bit Server VM (25.131-b11) for bsd-amd64 JRE (1.8.0_131-b11), built on Mar 15 2017 01:32:22 by "java_re" with gcc 4.2.1 (Based on Apple Inc. build 5658) (LLVM build 2336.11.00)
Memory: 4k page, physical 16777216k(389608k free)

/proc/meminfo:

CommandLine flags: -XX:InitialHeapSize=268435456 -XX:MaxHeapSize=536870912 -XX:MaxNewSize=178958336 -XX:MaxTenuringThreshold=6 -XX:OldPLABSize=16 -XX:+PrintGC -XX:+PrintGCDateStamps -XX:+PrintGCDetails -XX:+PrintGCTimeStamps -XX:+UseCompressedClassPointers -XX:+UseCompressedOops -XX:+UseConcMarkSweepGC -XX:+UseParNewGC 
2021-05-16T16:33:30.513-0800: 0.118: [GC (Allocation Failure) 2021-05-16T16:33:30.513-0800: 0.118: [ParNew: 69952K->8698K(78656K), 0.0100244 secs] 69952K->23144K(253440K), 0.0102012 secs] [Times: user=0.03 sys=0.05, real=0.01 secs] 
2021-05-16T16:33:30.537-0800: 0.143: [GC (Allocation Failure) 2021-05-16T16:33:30.537-0800: 0.143: [ParNew: 78650K->8704K(78656K), 0.0119340 secs] 93096K->47214K(253440K), 0.0120059 secs] [Times: user=0.03 sys=0.05, real=0.01 secs] 
2021-05-16T16:33:30.562-0800: 0.168: [GC (Allocation Failure) 2021-05-16T16:33:30.562-0800: 0.168: [ParNew: 78656K->8698K(78656K), 0.0175890 secs] 117166K->74782K(253440K), 0.0176696 secs] [Times: user=0.12 sys=0.02, real=0.02 secs] 
2021-05-16T16:33:30.594-0800: 0.199: [GC (Allocation Failure) 2021-05-16T16:33:30.594-0800: 0.199: [ParNew: 78379K->8703K(78656K), 0.0146916 secs] 144463K->97993K(253440K), 0.0147648 secs] [Times: user=0.10 sys=0.01, real=0.01 secs] 
2021-05-16T16:33:30.609-0800: 0.214: [GC (CMS Initial Mark) [1 CMS-initial-mark: 89289K(174784K)] 98634K(253440K), 0.0001952 secs] [Times: user=0.00 sys=0.00, real=0.00 secs] 
2021-05-16T16:33:30.609-0800: 0.215: [CMS-concurrent-mark-start]
2021-05-16T16:33:30.610-0800: 0.216: [CMS-concurrent-mark: 0.001/0.001 secs] [Times: user=0.01 sys=0.00, real=0.01 secs] 
2021-05-16T16:33:30.610-0800: 0.216: [CMS-concurrent-preclean-start]
2021-05-16T16:33:30.611-0800: 0.216: [CMS-concurrent-preclean: 0.000/0.000 secs] [Times: user=0.00 sys=0.00, real=0.00 secs] 
2021-05-16T16:33:30.611-0800: 0.216: [CMS-concurrent-abortable-preclean-start]
2021-05-16T16:33:30.619-0800: 0.225: [GC (Allocation Failure) 2021-05-16T16:33:30.620-0800: 0.225: [ParNew: 78260K->8701K(78656K), 0.0155498 secs] 167549K->122741K(253440K), 0.0156269 secs] [Times: user=0.11 sys=0.01, real=0.02 secs] 
2021-05-16T16:33:30.644-0800: 0.249: [GC (Allocation Failure) 2021-05-16T16:33:30.644-0800: 0.249: [ParNew: 78653K->8703K(78656K), 0.0149724 secs] 192693K->146338K(253440K), 0.0150421 secs] [Times: user=0.11 sys=0.01, real=0.01 secs] 
2021-05-16T16:33:30.669-0800: 0.274: [GC (Allocation Failure) 2021-05-16T16:33:30.669-0800: 0.274: [ParNew: 78508K->8703K(78656K), 0.0133890 secs] 216143K->167277K(253440K), 0.0134568 secs] [Times: user=0.09 sys=0.01, real=0.02 secs] 
2021-05-16T16:33:30.692-0800: 0.297: [GC (Allocation Failure) 2021-05-16T16:33:30.692-0800: 0.297: [ParNew: 78459K->8703K(78656K), 0.0145180 secs] 237033K->189593K(260152K), 0.0145855 secs] [Times: user=0.11 sys=0.01, real=0.01 secs] 
2021-05-16T16:33:30.717-0800: 0.322: [GC (Allocation Failure) 2021-05-16T16:33:30.717-0800: 0.322: [ParNew: 78463K->8702K(78656K), 0.0126693 secs] 259352K->208367K(279032K), 0.0127371 secs] [Times: user=0.09 sys=0.01, real=0.01 secs] 
2021-05-16T16:33:30.739-0800: 0.344: [GC (Allocation Failure) 2021-05-16T16:33:30.739-0800: 0.344: [ParNew: 78654K->8700K(78656K), 0.0155936 secs] 278319K->232226K(302836K), 0.0156852 secs] [Times: user=0.11 sys=0.01, real=0.02 secs] 
2021-05-16T16:33:30.765-0800: 0.370: [GC (Allocation Failure) 2021-05-16T16:33:30.765-0800: 0.370: [ParNew: 78652K->8702K(78656K), 0.0144745 secs] 302178K->253919K(324472K), 0.0145644 secs] [Times: user=0.11 sys=0.00, real=0.01 secs] 
2021-05-16T16:33:30.788-0800: 0.394: [GC (Allocation Failure) 2021-05-16T16:33:30.788-0800: 0.394: [ParNew: 78654K->8690K(78656K), 0.0158534 secs] 323871K->277122K(347724K), 0.0159520 secs] [Times: user=0.11 sys=0.01, real=0.02 secs] 
2021-05-16T16:33:30.815-0800: 0.420: [GC (Allocation Failure) 2021-05-16T16:33:30.818-0800: 0.424: [ParNew: 78527K->8703K(78656K), 0.0168277 secs] 346959K->300622K(371244K), 0.0203179 secs] [Times: user=0.12 sys=0.02, real=0.02 secs] 
2021-05-16T16:33:30.845-0800: 0.450: [GC (Allocation Failure) 2021-05-16T16:33:30.845-0800: 0.450: [ParNew: 78343K->8702K(78656K), 0.0130923 secs] 370263K->320712K(391336K), 0.0131493 secs] [Times: user=0.09 sys=0.00, real=0.01 secs] 
2021-05-16T16:33:30.868-0800: 0.473: [GC (Allocation Failure) 2021-05-16T16:33:30.868-0800: 0.473: [ParNew: 78495K->8702K(78656K), 0.0171704 secs] 390505K->346907K(417720K), 0.0172255 secs] [Times: user=0.12 sys=0.02, real=0.02 secs] 
2021-05-16T16:33:30.886-0800: 0.491: [CMS-concurrent-abortable-preclean: 0.009/0.275 secs] [Times: user=1.28 sys=0.11, real=0.27 secs] 
2021-05-16T16:33:30.886-0800: 0.491: [GC (CMS Final Remark) [YG occupancy: 13457 K (78656 K)]2021-05-16T16:33:30.886-0800: 0.491: [Rescan (parallel) , 0.0003410 secs]2021-05-16T16:33:30.886-0800: 0.492: [weak refs processing, 0.0000210 secs]2021-05-16T16:33:30.887-0800: 0.492: [class unloading, 0.0002211 secs]2021-05-16T16:33:30.887-0800: 0.492: [scrub symbol table, 0.0003655 secs]2021-05-16T16:33:30.887-0800: 0.492: [scrub string table, 0.0001256 secs][1 CMS-remark: 338204K(339064K)] 351662K(417720K), 0.0011432 secs] [Times: user=0.00 sys=0.00, real=0.00 secs] 
2021-05-16T16:33:30.887-0800: 0.493: [CMS-concurrent-sweep-start]
2021-05-16T16:33:30.888-0800: 0.493: [CMS-concurrent-sweep: 0.001/0.001 secs] [Times: user=0.00 sys=0.00, real=0.00 secs] 
2021-05-16T16:33:30.888-0800: 0.493: [CMS-concurrent-reset-start]
2021-05-16T16:33:30.889-0800: 0.494: [CMS-concurrent-reset: 0.001/0.001 secs] [Times: user=0.00 sys=0.00, real=0.00 secs] 
2021-05-16T16:33:30.897-0800: 0.502: [GC (Allocation Failure) 2021-05-16T16:33:30.897-0800: 0.502: [ParNew: 78516K->78516K(78656K), 0.0000177 secs]2021-05-16T16:33:30.897-0800: 0.502: [CMS: 329893K->252607K(349568K), 0.0466383 secs] 408410K->252607K(428224K), [Metaspace: 2704K->2704K(1056768K)], 0.0468502 secs] [Times: user=0.05 sys=0.00, real=0.05 secs] 
2021-05-16T16:33:30.944-0800: 0.549: [GC (CMS Initial Mark) [1 CMS-initial-mark: 252607K(349568K)] 252893K(506816K), 0.0002066 secs] [Times: user=0.00 sys=0.00, real=0.00 secs] 
2021-05-16T16:33:30.944-0800: 0.550: [CMS-concurrent-mark-start]
2021-05-16T16:33:30.945-0800: 0.551: [CMS-concurrent-mark: 0.001/0.001 secs] [Times: user=0.00 sys=0.00, real=0.00 secs] 
2021-05-16T16:33:30.945-0800: 0.551: [CMS-concurrent-preclean-start]
2021-05-16T16:33:30.946-0800: 0.551: [CMS-concurrent-preclean: 0.001/0.001 secs] [Times: user=0.00 sys=0.00, real=0.00 secs] 
2021-05-16T16:33:30.946-0800: 0.551: [CMS-concurrent-abortable-preclean-start]
2021-05-16T16:33:30.986-0800: 0.591: [GC (Allocation Failure) 2021-05-16T16:33:30.986-0800: 0.591: [ParNew: 139520K->17470K(157248K), 0.0173008 secs] 392127K->303649K(506816K), 0.0173868 secs] [Times: user=0.13 sys=0.01, real=0.02 secs] 
2021-05-16T16:33:31.025-0800: 0.630: [GC (Allocation Failure) 2021-05-16T16:33:31.025-0800: 0.630: [ParNew: 157246K->17470K(157248K), 0.0173128 secs] 443425K->344780K(506816K), 0.0173797 secs] [Times: user=0.13 sys=0.01, real=0.02 secs] 
2021-05-16T16:33:31.043-0800: 0.648: [CMS-concurrent-abortable-preclean: 0.002/0.097 secs] [Times: user=0.31 sys=0.03, real=0.10 secs] 
2021-05-16T16:33:31.043-0800: 0.648: [GC (CMS Final Remark) [YG occupancy: 24382 K (157248 K)]2021-05-16T16:33:31.043-0800: 0.648: [Rescan (parallel) , 0.0002763 secs]2021-05-16T16:33:31.043-0800: 0.649: [weak refs processing, 0.0000125 secs]2021-05-16T16:33:31.043-0800: 0.649: [class unloading, 0.0002198 secs]2021-05-16T16:33:31.044-0800: 0.649: [scrub symbol table, 0.0005205 secs]2021-05-16T16:33:31.044-0800: 0.649: [scrub string table, 0.0001423 secs][1 CMS-remark: 327309K(349568K)] 351691K(506816K), 0.0012438 secs] [Times: user=0.00 sys=0.00, real=0.00 secs] 
2021-05-16T16:33:31.044-0800: 0.650: [CMS-concurrent-sweep-start]
2021-05-16T16:33:31.045-0800: 0.650: [CMS-concurrent-sweep: 0.001/0.001 secs] [Times: user=0.00 sys=0.00, real=0.00 secs] 
2021-05-16T16:33:31.045-0800: 0.650: [CMS-concurrent-reset-start]
2021-05-16T16:33:31.045-0800: 0.651: [CMS-concurrent-reset: 0.000/0.000 secs] [Times: user=0.00 sys=0.00, real=0.00 secs] 
2021-05-16T16:33:31.063-0800: 0.668: [GC (Allocation Failure) 2021-05-16T16:33:31.063-0800: 0.668: [ParNew: 157246K->157246K(157248K), 0.0000221 secs]2021-05-16T16:33:31.063-0800: 0.668: [CMS: 327142K->290193K(349568K), 0.0462857 secs] 484388K->290193K(506816K), [Metaspace: 2704K->2704K(1056768K)], 0.0464097 secs] [Times: user=0.05 sys=0.00, real=0.04 secs] 
2021-05-16T16:33:31.110-0800: 0.715: [GC (CMS Initial Mark) [1 CMS-initial-mark: 290193K(349568K)] 290913K(506816K), 0.0001817 secs] [Times: user=0.00 sys=0.00, real=0.00 secs] 
2021-05-16T16:33:31.110-0800: 0.715: [CMS-concurrent-mark-start]
2021-05-16T16:33:31.111-0800: 0.716: [CMS-concurrent-mark: 0.001/0.001 secs] [Times: user=0.00 sys=0.00, real=0.00 secs] 
2021-05-16T16:33:31.111-0800: 0.716: [CMS-concurrent-preclean-start]
2021-05-16T16:33:31.112-0800: 0.717: [CMS-concurrent-preclean: 0.000/0.001 secs] [Times: user=0.00 sys=0.00, real=0.00 secs] 
2021-05-16T16:33:31.112-0800: 0.717: [CMS-concurrent-abortable-preclean-start]
2021-05-16T16:33:31.131-0800: 0.736: [GC (Allocation Failure) 2021-05-16T16:33:31.131-0800: 0.736: [ParNew: 139776K->17471K(157248K), 0.0077803 secs] 429969K->340844K(506816K), 0.0078625 secs] [Times: user=0.06 sys=0.00, real=0.00 secs] 
2021-05-16T16:33:31.159-0800: 0.764: [GC (Allocation Failure) 2021-05-16T16:33:31.159-0800: 0.764: [ParNew: 157247K->157247K(157248K), 0.0000273 secs]2021-05-16T16:33:31.159-0800: 0.765: [CMS2021-05-16T16:33:31.159-0800: 0.765: [CMS-concurrent-abortable-preclean: 0.002/0.048 secs] [Times: user=0.10 sys=0.00, real=0.04 secs] 
 (concurrent mode failure): 323372K->317332K(349568K), 0.0504342 secs] 480620K->317332K(506816K), [Metaspace: 2704K->2704K(1056768K)], 0.0505657 secs] [Times: user=0.05 sys=0.00, real=0.06 secs] 
2021-05-16T16:33:31.232-0800: 0.838: [GC (Allocation Failure) 2021-05-16T16:33:31.233-0800: 0.838: [ParNew: 139776K->139776K(157248K), 0.0000184 secs]2021-05-16T16:33:31.233-0800: 0.838: [CMS: 317332K->325339K(349568K), 0.0490406 secs] 457108K->325339K(506816K), [Metaspace: 2704K->2704K(1056768K)], 0.0491488 secs] [Times: user=0.05 sys=0.00, real=0.05 secs] 
2021-05-16T16:33:31.282-0800: 0.887: [GC (CMS Initial Mark) [1 CMS-initial-mark: 325339K(349568K)] 325632K(506816K), 0.0002514 secs] [Times: user=0.00 sys=0.00, real=0.00 secs] 
2021-05-16T16:33:31.282-0800: 0.888: [CMS-concurrent-mark-start]
2021-05-16T16:33:31.283-0800: 0.889: [CMS-concurrent-mark: 0.001/0.001 secs] [Times: user=0.00 sys=0.00, real=0.00 secs] 
2021-05-16T16:33:31.283-0800: 0.889: [CMS-concurrent-preclean-start]
2021-05-16T16:33:31.284-0800: 0.889: [CMS-concurrent-preclean: 0.001/0.001 secs] [Times: user=0.00 sys=0.00, real=0.00 secs] 
2021-05-16T16:33:31.284-0800: 0.889: [CMS-concurrent-abortable-preclean-start]
2021-05-16T16:33:31.303-0800: 0.908: [GC (Allocation Failure) 2021-05-16T16:33:31.303-0800: 0.908: [ParNew: 139702K->139702K(157248K), 0.0000191 secs]2021-05-16T16:33:31.303-0800: 0.908: [CMS2021-05-16T16:33:31.303-0800: 0.908: [CMS-concurrent-abortable-preclean: 0.000/0.019 secs] [Times: user=0.02 sys=0.00, real=0.02 secs] 
 (concurrent mode failure): 325339K->328932K(349568K), 0.0516699 secs] 465042K->328932K(506816K), [Metaspace: 2704K->2704K(1056768K)], 0.0518033 secs] [Times: user=0.05 sys=0.00, real=0.05 secs] 
2021-05-16T16:33:31.376-0800: 0.981: [GC (Allocation Failure) 2021-05-16T16:33:31.376-0800: 0.981: [ParNew: 139776K->139776K(157248K), 0.0000187 secs]2021-05-16T16:33:31.376-0800: 0.981: [CMS: 328932K->333426K(349568K), 0.0513915 secs] 468708K->333426K(506816K), [Metaspace: 2704K->2704K(1056768K)], 0.0515019 secs] [Times: user=0.05 sys=0.00, real=0.05 secs] 
2021-05-16T16:33:31.428-0800: 1.033: [GC (CMS Initial Mark) [1 CMS-initial-mark: 333426K(349568K)] 336238K(506816K), 0.0002937 secs] [Times: user=0.00 sys=0.00, real=0.00 secs] 
2021-05-16T16:33:31.428-0800: 1.033: [CMS-concurrent-mark-start]
2021-05-16T16:33:31.429-0800: 1.035: [CMS-concurrent-mark: 0.001/0.001 secs] [Times: user=0.01 sys=0.00, real=0.00 secs] 
2021-05-16T16:33:31.429-0800: 1.035: [CMS-concurrent-preclean-start]
2021-05-16T16:33:31.430-0800: 1.035: [CMS-concurrent-preclean: 0.000/0.000 secs] [Times: user=0.00 sys=0.00, real=0.01 secs] 
2021-05-16T16:33:31.430-0800: 1.035: [CMS-concurrent-abortable-preclean-start]
2021-05-16T16:33:31.448-0800: 1.053: [GC (Allocation Failure) 2021-05-16T16:33:31.448-0800: 1.053: [ParNew: 139533K->139533K(157248K), 0.0000183 secs]2021-05-16T16:33:31.448-0800: 1.053: [CMS2021-05-16T16:33:31.448-0800: 1.053: [CMS-concurrent-abortable-preclean: 0.000/0.018 secs] [Times: user=0.02 sys=0.00, real=0.01 secs] 
 (concurrent mode failure): 333426K->337666K(349568K), 0.0551934 secs] 472960K->337666K(506816K), [Metaspace: 2704K->2704K(1056768K)], 0.0553027 secs] [Times: user=0.05 sys=0.00, real=0.06 secs] 
Heap
 par new generation   total 157248K, used 5882K [0x00000007a0000000, 0x00000007aaaa0000, 0x00000007aaaa0000)
  eden space 139776K,   4% used [0x00000007a0000000, 0x00000007a05beae8, 0x00000007a8880000)
  from space 17472K,   0% used [0x00000007a9990000, 0x00000007a9990000, 0x00000007aaaa0000)
  to   space 17472K,   0% used [0x00000007a8880000, 0x00000007a8880000, 0x00000007a9990000)
 concurrent mark-sweep generation total 349568K, used 337666K [0x00000007aaaa0000, 0x00000007c0000000, 0x00000007c0000000)
 Metaspace       used 2710K, capacity 4486K, committed 4864K, reserved 1056768K
  class space    used 295K, capacity 386K, committed 512K, reserved 1048576K
