Java HotSpot(TM) 64-Bit Server VM (25.131-b11) for bsd-amd64 JRE (1.8.0_131-b11), built on Mar 15 2017 01:32:22 by "java_re" with gcc 4.2.1 (Based on Apple Inc. build 5658) (LLVM build 2336.11.00)
Memory: 4k page, physical 16777216k(395160k free)

/proc/meminfo:

CommandLine flags: -XX:InitialHeapSize=536870912 -XX:MaxHeapSize=536870912 -XX:MaxNewSize=178958336 -XX:MaxTenuringThreshold=6 -XX:NewSize=178958336 -XX:OldPLABSize=16 -XX:OldSize=357912576 -XX:+PrintGC -XX:+PrintGCDateStamps -XX:+PrintGCDetails -XX:+PrintGCTimeStamps -XX:+UseCompressedClassPointers -XX:+UseCompressedOops -XX:+UseConcMarkSweepGC -XX:+UseParNewGC 
2021-05-16T16:33:09.569-0800: 0.159: [GC (Allocation Failure) 2021-05-16T16:33:09.569-0800: 0.159: [ParNew: 139776K->17471K(157248K), 0.0165375 secs] 139776K->39533K(506816K), 0.0167093 secs] [Times: user=0.03 sys=0.08, real=0.02 secs] 
2021-05-16T16:33:09.619-0800: 0.209: [GC (Allocation Failure) 2021-05-16T16:33:09.619-0800: 0.209: [ParNew: 156965K->17472K(157248K), 0.0199894 secs] 179027K->78429K(506816K), 0.0200953 secs] [Times: user=0.05 sys=0.09, real=0.02 secs] 
2021-05-16T16:33:09.661-0800: 0.250: [GC (Allocation Failure) 2021-05-16T16:33:09.661-0800: 0.250: [ParNew: 157248K->17470K(157248K), 0.0291274 secs] 218205K->121509K(506816K), 0.0292398 secs] [Times: user=0.21 sys=0.02, real=0.03 secs] 
2021-05-16T16:33:09.710-0800: 0.299: [GC (Allocation Failure) 2021-05-16T16:33:09.710-0800: 0.299: [ParNew: 157246K->17472K(157248K), 0.0287785 secs] 261285K->162825K(506816K), 0.0288669 secs] [Times: user=0.21 sys=0.02, real=0.02 secs] 
2021-05-16T16:33:09.759-0800: 0.348: [GC (Allocation Failure) 2021-05-16T16:33:09.759-0800: 0.348: [ParNew: 157002K->17470K(157248K), 0.0277426 secs] 302355K->203757K(506816K), 0.0278314 secs] [Times: user=0.20 sys=0.01, real=0.03 secs] 
2021-05-16T16:33:09.787-0800: 0.376: [GC (CMS Initial Mark) [1 CMS-initial-mark: 186286K(349568K)] 204479K(506816K), 0.0003328 secs] [Times: user=0.00 sys=0.00, real=0.00 secs] 
2021-05-16T16:33:09.787-0800: 0.377: [CMS-concurrent-mark-start]
2021-05-16T16:33:09.789-0800: 0.378: [CMS-concurrent-mark: 0.002/0.002 secs] [Times: user=0.00 sys=0.01, real=0.00 secs] 
2021-05-16T16:33:09.789-0800: 0.378: [CMS-concurrent-preclean-start]
2021-05-16T16:33:09.790-0800: 0.379: [CMS-concurrent-preclean: 0.001/0.001 secs] [Times: user=0.00 sys=0.00, real=0.01 secs] 
2021-05-16T16:33:09.790-0800: 0.379: [CMS-concurrent-abortable-preclean-start]
2021-05-16T16:33:09.808-0800: 0.397: [GC (Allocation Failure) 2021-05-16T16:33:09.808-0800: 0.397: [ParNew: 157246K->17469K(157248K), 0.0301723 secs] 343533K->247050K(506816K), 0.0302738 secs] [Times: user=0.21 sys=0.01, real=0.03 secs] 
2021-05-16T16:33:09.859-0800: 0.449: [GC (Allocation Failure) 2021-05-16T16:33:09.859-0800: 0.449: [ParNew: 157245K->17471K(157248K), 0.0327753 secs] 386826K->294979K(506816K), 0.0328582 secs] [Times: user=0.23 sys=0.02, real=0.04 secs] 
2021-05-16T16:33:09.912-0800: 0.502: [GC (Allocation Failure) 2021-05-16T16:33:09.912-0800: 0.502: [ParNew: 157247K->17464K(157248K), 0.0284282 secs] 434755K->336107K(506816K), 0.0285075 secs] [Times: user=0.20 sys=0.02, real=0.03 secs] 
2021-05-16T16:33:09.961-0800: 0.550: [GC (Allocation Failure) 2021-05-16T16:33:09.961-0800: 0.550: [ParNew: 157240K->157240K(157248K), 0.0000235 secs]2021-05-16T16:33:09.961-0800: 0.550: [CMS2021-05-16T16:33:09.961-0800: 0.550: [CMS-concurrent-abortable-preclean: 0.004/0.171 secs] [Times: user=0.76 sys=0.05, real=0.17 secs] 
 (concurrent mode failure): 318642K->256092K(349568K), 0.0494379 secs] 475883K->256092K(506816K), [Metaspace: 2704K->2704K(1056768K)], 0.0495701 secs] [Times: user=0.04 sys=0.00, real=0.05 secs] 
2021-05-16T16:33:10.032-0800: 0.622: [GC (Allocation Failure) 2021-05-16T16:33:10.032-0800: 0.622: [ParNew: 139776K->17470K(157248K), 0.0068827 secs] 395868K->302508K(506816K), 0.0069762 secs] [Times: user=0.05 sys=0.00, real=0.00 secs] 
2021-05-16T16:33:10.039-0800: 0.629: [GC (CMS Initial Mark) [1 CMS-initial-mark: 285038K(349568K)] 303042K(506816K), 0.0002340 secs] [Times: user=0.00 sys=0.00, real=0.01 secs] 
2021-05-16T16:33:10.040-0800: 0.629: [CMS-concurrent-mark-start]
2021-05-16T16:33:10.041-0800: 0.630: [CMS-concurrent-mark: 0.001/0.001 secs] [Times: user=0.00 sys=0.00, real=0.00 secs] 
2021-05-16T16:33:10.041-0800: 0.630: [CMS-concurrent-preclean-start]
2021-05-16T16:33:10.041-0800: 0.631: [CMS-concurrent-preclean: 0.000/0.000 secs] [Times: user=0.00 sys=0.00, real=0.00 secs] 
2021-05-16T16:33:10.041-0800: 0.631: [CMS-concurrent-abortable-preclean-start]
2021-05-16T16:33:10.061-0800: 0.650: [GC (Allocation Failure) 2021-05-16T16:33:10.061-0800: 0.650: [ParNew: 157199K->17471K(157248K), 0.0123310 secs] 442238K->342998K(506816K), 0.0124180 secs] [Times: user=0.10 sys=0.01, real=0.01 secs] 
2021-05-16T16:33:10.094-0800: 0.683: [GC (Allocation Failure) 2021-05-16T16:33:10.094-0800: 0.683: [ParNew: 157247K->157247K(157248K), 0.0000181 secs]2021-05-16T16:33:10.094-0800: 0.683: [CMS2021-05-16T16:33:10.094-0800: 0.683: [CMS-concurrent-abortable-preclean: 0.002/0.052 secs] [Times: user=0.14 sys=0.01, real=0.05 secs] 
 (concurrent mode failure): 325527K->289316K(349568K), 0.0455167 secs] 482774K->289316K(506816K), [Metaspace: 2704K->2704K(1056768K)], 0.0456302 secs] [Times: user=0.05 sys=0.00, real=0.04 secs] 
2021-05-16T16:33:10.160-0800: 0.750: [GC (Allocation Failure) 2021-05-16T16:33:10.160-0800: 0.750: [ParNew: 139725K->17470K(157248K), 0.0076475 secs] 429042K->340679K(506816K), 0.0077452 secs] [Times: user=0.05 sys=0.00, real=0.00 secs] 
2021-05-16T16:33:10.168-0800: 0.757: [GC (CMS Initial Mark) [1 CMS-initial-mark: 323208K(349568K)] 340771K(506816K), 0.0001772 secs] [Times: user=0.00 sys=0.00, real=0.00 secs] 
2021-05-16T16:33:10.168-0800: 0.758: [CMS-concurrent-mark-start]
2021-05-16T16:33:10.170-0800: 0.759: [CMS-concurrent-mark: 0.001/0.001 secs] [Times: user=0.01 sys=0.00, real=0.01 secs] 
2021-05-16T16:33:10.170-0800: 0.759: [CMS-concurrent-preclean-start]
2021-05-16T16:33:10.170-0800: 0.760: [CMS-concurrent-preclean: 0.001/0.001 secs] [Times: user=0.00 sys=0.00, real=0.00 secs] 
2021-05-16T16:33:10.170-0800: 0.760: [CMS-concurrent-abortable-preclean-start]
2021-05-16T16:33:10.170-0800: 0.760: [CMS-concurrent-abortable-preclean: 0.000/0.000 secs] [Times: user=0.00 sys=0.00, real=0.00 secs] 
2021-05-16T16:33:10.170-0800: 0.760: [GC (CMS Final Remark) [YG occupancy: 33550 K (157248 K)]2021-05-16T16:33:10.170-0800: 0.760: [Rescan (parallel) , 0.0002979 secs]2021-05-16T16:33:10.171-0800: 0.760: [weak refs processing, 0.0000224 secs]2021-05-16T16:33:10.171-0800: 0.760: [class unloading, 0.0001922 secs]2021-05-16T16:33:10.171-0800: 0.760: [scrub symbol table, 0.0003964 secs]2021-05-16T16:33:10.171-0800: 0.761: [scrub string table, 0.0001192 secs][1 CMS-remark: 323208K(349568K)] 356758K(506816K), 0.0011139 secs] [Times: user=0.00 sys=0.00, real=0.00 secs] 
2021-05-16T16:33:10.172-0800: 0.761: [CMS-concurrent-sweep-start]
2021-05-16T16:33:10.172-0800: 0.761: [CMS-concurrent-sweep: 0.000/0.000 secs] [Times: user=0.00 sys=0.00, real=0.00 secs] 
2021-05-16T16:33:10.172-0800: 0.761: [CMS-concurrent-reset-start]
2021-05-16T16:33:10.172-0800: 0.762: [CMS-concurrent-reset: 0.000/0.000 secs] [Times: user=0.00 sys=0.00, real=0.00 secs] 
2021-05-16T16:33:10.190-0800: 0.779: [GC (Allocation Failure) 2021-05-16T16:33:10.190-0800: 0.779: [ParNew: 157246K->17470K(157248K), 0.0179212 secs] 444803K->355931K(506816K), 0.0180085 secs] [Times: user=0.14 sys=0.00, real=0.01 secs] 
2021-05-16T16:33:10.208-0800: 0.797: [GC (CMS Initial Mark) [1 CMS-initial-mark: 338461K(349568K)] 356022K(506816K), 0.0002157 secs] [Times: user=0.00 sys=0.00, real=0.00 secs] 
2021-05-16T16:33:10.208-0800: 0.797: [CMS-concurrent-mark-start]
2021-05-16T16:33:10.209-0800: 0.799: [CMS-concurrent-mark: 0.001/0.001 secs] [Times: user=0.00 sys=0.00, real=0.00 secs] 
2021-05-16T16:33:10.210-0800: 0.799: [CMS-concurrent-preclean-start]
2021-05-16T16:33:10.210-0800: 0.799: [CMS-concurrent-preclean: 0.001/0.001 secs] [Times: user=0.00 sys=0.00, real=0.00 secs] 
2021-05-16T16:33:10.210-0800: 0.799: [CMS-concurrent-abortable-preclean-start]
2021-05-16T16:33:10.210-0800: 0.799: [CMS-concurrent-abortable-preclean: 0.000/0.000 secs] [Times: user=0.00 sys=0.00, real=0.00 secs] 
2021-05-16T16:33:10.210-0800: 0.800: [GC (CMS Final Remark) [YG occupancy: 32957 K (157248 K)]2021-05-16T16:33:10.210-0800: 0.800: [Rescan (parallel) , 0.0002197 secs]2021-05-16T16:33:10.210-0800: 0.800: [weak refs processing, 0.0000150 secs]2021-05-16T16:33:10.210-0800: 0.800: [class unloading, 0.0002104 secs]2021-05-16T16:33:10.211-0800: 0.800: [scrub symbol table, 0.0003828 secs]2021-05-16T16:33:10.211-0800: 0.801: [scrub string table, 0.0001228 secs][1 CMS-remark: 338461K(349568K)] 371418K(506816K), 0.0010184 secs] [Times: user=0.00 sys=0.00, real=0.00 secs] 
2021-05-16T16:33:10.211-0800: 0.801: [CMS-concurrent-sweep-start]
2021-05-16T16:33:10.212-0800: 0.801: [CMS-concurrent-sweep: 0.000/0.000 secs] [Times: user=0.00 sys=0.00, real=0.00 secs] 
2021-05-16T16:33:10.212-0800: 0.801: [CMS-concurrent-reset-start]
2021-05-16T16:33:10.212-0800: 0.802: [CMS-concurrent-reset: 0.000/0.000 secs] [Times: user=0.00 sys=0.00, real=0.00 secs] 
2021-05-16T16:33:10.231-0800: 0.820: [GC (Allocation Failure) 2021-05-16T16:33:10.231-0800: 0.821: [ParNew: 157246K->157246K(157248K), 0.0000185 secs]2021-05-16T16:33:10.231-0800: 0.821: [CMS: 301607K->328089K(349568K), 0.0514762 secs] 458853K->328089K(506816K), [Metaspace: 2704K->2704K(1056768K)], 0.0515861 secs] [Times: user=0.06 sys=0.00, real=0.05 secs] 
2021-05-16T16:33:10.283-0800: 0.872: [GC (CMS Initial Mark) [1 CMS-initial-mark: 328089K(349568K)] 328233K(506816K), 0.0001686 secs] [Times: user=0.00 sys=0.01, real=0.00 secs] 
2021-05-16T16:33:10.283-0800: 0.872: [CMS-concurrent-mark-start]
2021-05-16T16:33:10.284-0800: 0.874: [CMS-concurrent-mark: 0.001/0.001 secs] [Times: user=0.00 sys=0.00, real=0.00 secs] 
2021-05-16T16:33:10.284-0800: 0.874: [CMS-concurrent-preclean-start]
2021-05-16T16:33:10.285-0800: 0.874: [CMS-concurrent-preclean: 0.001/0.001 secs] [Times: user=0.00 sys=0.00, real=0.00 secs] 
2021-05-16T16:33:10.285-0800: 0.874: [CMS-concurrent-abortable-preclean-start]
2021-05-16T16:33:10.303-0800: 0.893: [GC (Allocation Failure) 2021-05-16T16:33:10.303-0800: 0.893: [ParNew: 139776K->139776K(157248K), 0.0000878 secs]2021-05-16T16:33:10.303-0800: 0.893: [CMS2021-05-16T16:33:10.304-0800: 0.893: [CMS-concurrent-abortable-preclean: 0.000/0.019 secs] [Times: user=0.02 sys=0.00, real=0.02 secs] 
 (concurrent mode failure): 328089K->334394K(349568K), 0.0547251 secs] 467865K->334394K(506816K), [Metaspace: 2704K->2704K(1056768K)], 0.0549323 secs] [Times: user=0.05 sys=0.00, real=0.05 secs] 
2021-05-16T16:33:10.379-0800: 0.968: [GC (Allocation Failure) 2021-05-16T16:33:10.379-0800: 0.968: [ParNew: 139776K->139776K(157248K), 0.0000196 secs]2021-05-16T16:33:10.379-0800: 0.968: [CMS: 334394K->338515K(349568K), 0.0531433 secs] 474170K->338515K(506816K), [Metaspace: 2704K->2704K(1056768K)], 0.0532578 secs] [Times: user=0.06 sys=0.00, real=0.06 secs] 
2021-05-16T16:33:10.432-0800: 1.022: [GC (CMS Initial Mark) [1 CMS-initial-mark: 338515K(349568K)] 338845K(506816K), 0.0001788 secs] [Times: user=0.00 sys=0.00, real=0.00 secs] 
2021-05-16T16:33:10.432-0800: 1.022: [CMS-concurrent-mark-start]
2021-05-16T16:33:10.434-0800: 1.023: [CMS-concurrent-mark: 0.001/0.001 secs] [Times: user=0.00 sys=0.00, real=0.00 secs] 
2021-05-16T16:33:10.434-0800: 1.023: [CMS-concurrent-preclean-start]
2021-05-16T16:33:10.434-0800: 1.024: [CMS-concurrent-preclean: 0.001/0.001 secs] [Times: user=0.00 sys=0.00, real=0.00 secs] 
2021-05-16T16:33:10.434-0800: 1.024: [CMS-concurrent-abortable-preclean-start]
2021-05-16T16:33:10.434-0800: 1.024: [CMS-concurrent-abortable-preclean: 0.000/0.000 secs] [Times: user=0.00 sys=0.00, real=0.00 secs] 
2021-05-16T16:33:10.434-0800: 1.024: [GC (CMS Final Remark) [YG occupancy: 16328 K (157248 K)]2021-05-16T16:33:10.434-0800: 1.024: [Rescan (parallel) , 0.0002692 secs]2021-05-16T16:33:10.435-0800: 1.024: [weak refs processing, 0.0000346 secs]2021-05-16T16:33:10.435-0800: 1.024: [class unloading, 0.0001943 secs]2021-05-16T16:33:10.435-0800: 1.024: [scrub symbol table, 0.0003736 secs]2021-05-16T16:33:10.435-0800: 1.025: [scrub string table, 0.0001259 secs][1 CMS-remark: 338515K(349568K)] 354844K(506816K), 0.0010985 secs] [Times: user=0.00 sys=0.00, real=0.00 secs] 
2021-05-16T16:33:10.436-0800: 1.025: [CMS-concurrent-sweep-start]
2021-05-16T16:33:10.436-0800: 1.025: [CMS-concurrent-sweep: 0.000/0.000 secs] [Times: user=0.00 sys=0.00, real=0.00 secs] 
2021-05-16T16:33:10.436-0800: 1.025: [CMS-concurrent-reset-start]
2021-05-16T16:33:10.436-0800: 1.026: [CMS-concurrent-reset: 0.000/0.000 secs] [Times: user=0.00 sys=0.00, real=0.00 secs] 
2021-05-16T16:33:10.454-0800: 1.043: [GC (Allocation Failure) 2021-05-16T16:33:10.454-0800: 1.044: [ParNew: 139776K->139776K(157248K), 0.0000193 secs]2021-05-16T16:33:10.454-0800: 1.044: [CMS: 337845K->342243K(349568K), 0.0545980 secs] 477621K->342243K(506816K), [Metaspace: 2704K->2704K(1056768K)], 0.0547047 secs] [Times: user=0.06 sys=0.00, real=0.05 secs] 
2021-05-16T16:33:10.509-0800: 1.098: [GC (CMS Initial Mark) [1 CMS-initial-mark: 342243K(349568K)] 342531K(506816K), 0.0002066 secs] [Times: user=0.00 sys=0.00, real=0.00 secs] 
2021-05-16T16:33:10.509-0800: 1.099: [CMS-concurrent-mark-start]
Heap
 par new generation   total 157248K, used 5855K [0x00000007a0000000, 0x00000007aaaa0000, 0x00000007aaaa0000)
  eden space 139776K,   4% used [0x00000007a0000000, 0x00000007a05b7e68, 0x00000007a8880000)
  from space 17472K,   0% used [0x00000007a8880000, 0x00000007a8880000, 0x00000007a9990000)
  to   space 17472K,   0% used [0x00000007a9990000, 0x00000007a9990000, 0x00000007aaaa0000)
 concurrent mark-sweep generation total 349568K, used 342243K [0x00000007aaaa0000, 0x00000007c0000000, 0x00000007c0000000)
 Metaspace       used 2710K, capacity 4486K, committed 4864K, reserved 1056768K
  class space    used 295K, capacity 386K, committed 512K, reserved 1048576K
