Java HotSpot(TM) 64-Bit Server VM (25.131-b11) for bsd-amd64 JRE (1.8.0_131-b11), built on Mar 15 2017 01:32:22 by "java_re" with gcc 4.2.1 (Based on Apple Inc. build 5658) (LLVM build 2336.11.00)
Memory: 4k page, physical 16777216k(393336k free)

/proc/meminfo:

CommandLine flags: -XX:InitialHeapSize=4294967296 -XX:MaxHeapSize=4294967296 -XX:MaxNewSize=697933824 -XX:MaxTenuringThreshold=6 -XX:NewSize=697933824 -XX:OldPLABSize=16 -XX:OldSize=1395867648 -XX:+PrintGC -XX:+PrintGCDateStamps -XX:+PrintGCDetails -XX:+PrintGCTimeStamps -XX:+UseCompressedClassPointers -XX:+UseCompressedOops -XX:+UseConcMarkSweepGC -XX:+UseParNewGC 
2021-05-16T16:32:10.975-0800: 0.380: [GC (Allocation Failure) 2021-05-16T16:32:10.975-0800: 0.380: [ParNew: 545344K->68096K(613440K), 0.0716596 secs] 545344K->151679K(4126208K), 0.0718687 secs] [Times: user=0.15 sys=0.34, real=0.07 secs] 
2021-05-16T16:32:11.141-0800: 0.545: [GC (Allocation Failure) 2021-05-16T16:32:11.141-0800: 0.546: [ParNew: 613440K->68095K(613440K), 0.0736013 secs] 697023K->273671K(4126208K), 0.0737285 secs] [Times: user=0.15 sys=0.35, real=0.07 secs] 
2021-05-16T16:32:11.296-0800: 0.701: [GC (Allocation Failure) 2021-05-16T16:32:11.296-0800: 0.701: [ParNew: 613439K->68096K(613440K), 0.0889160 secs] 819015K->395634K(4126208K), 0.0890139 secs] [Times: user=0.66 sys=0.05, real=0.09 secs] 
2021-05-16T16:32:11.471-0800: 0.876: [GC (Allocation Failure) 2021-05-16T16:32:11.471-0800: 0.876: [ParNew: 613440K->68095K(613440K), 0.0979263 secs] 940978K->524059K(4126208K), 0.0980159 secs] [Times: user=0.55 sys=0.07, real=0.09 secs] 
2021-05-16T16:32:11.651-0800: 1.056: [GC (Allocation Failure) 2021-05-16T16:32:11.651-0800: 1.056: [ParNew: 613439K->68095K(613440K), 0.0889864 secs] 1069403K->642632K(4126208K), 0.0890737 secs] [Times: user=0.55 sys=0.06, real=0.09 secs] 
Heap
 par new generation   total 613440K, used 89997K [0x00000006c0000000, 0x00000006e9990000, 0x00000006e9990000)
  eden space 545344K,   4% used [0x00000006c0000000, 0x00000006c1563718, 0x00000006e1490000)
  from space 68096K,  99% used [0x00000006e5710000, 0x00000006e998fec0, 0x00000006e9990000)
  to   space 68096K,   0% used [0x00000006e1490000, 0x00000006e1490000, 0x00000006e5710000)
 concurrent mark-sweep generation total 3512768K, used 574537K [0x00000006e9990000, 0x00000007c0000000, 0x00000007c0000000)
 Metaspace       used 2710K, capacity 4486K, committed 4864K, reserved 1056768K
  class space    used 295K, capacity 386K, committed 512K, reserved 1048576K
