Java HotSpot(TM) 64-Bit Server VM (25.131-b11) for bsd-amd64 JRE (1.8.0_131-b11), built on Mar 15 2017 01:32:22 by "java_re" with gcc 4.2.1 (Based on Apple Inc. build 5658) (LLVM build 2336.11.00)
Memory: 4k page, physical 16777216k(88784k free)

/proc/meminfo:

CommandLine flags: -XX:InitialHeapSize=1073741824 -XX:MaxHeapSize=1073741824 -XX:+PrintGC -XX:+PrintGCDateStamps -XX:+PrintGCDetails -XX:+PrintGCTimeStamps -XX:+UseCompressedClassPointers -XX:+UseCompressedOops -XX:+UseParallelGC 
2021-05-16T16:28:29.462-0800: 0.227: [GC (Allocation Failure) [PSYoungGen: 262144K->43514K(305664K)] 262144K->82840K(1005056K), 0.0355899 secs] [Times: user=0.04 sys=0.19, real=0.03 secs] 
2021-05-16T16:28:29.543-0800: 0.308: [GC (Allocation Failure) [PSYoungGen: 305658K->43515K(305664K)] 344984K->157384K(1005056K), 0.0508755 secs] [Times: user=0.05 sys=0.27, real=0.05 secs] 
2021-05-16T16:28:29.634-0800: 0.399: [GC (Allocation Failure) [PSYoungGen: 305659K->43511K(305664K)] 419528K->226858K(1005056K), 0.0375962 secs] [Times: user=0.08 sys=0.18, real=0.04 secs] 
2021-05-16T16:28:29.710-0800: 0.476: [GC (Allocation Failure) [PSYoungGen: 305655K->43514K(305664K)] 489002K->296093K(1005056K), 0.0393470 secs] [Times: user=0.08 sys=0.16, real=0.04 secs] 
2021-05-16T16:28:29.788-0800: 0.553: [GC (Allocation Failure) [PSYoungGen: 305658K->43500K(305664K)] 558237K->372298K(1005056K), 0.0421858 secs] [Times: user=0.09 sys=0.20, real=0.05 secs] 
2021-05-16T16:28:29.872-0800: 0.637: [GC (Allocation Failure) [PSYoungGen: 305644K->43517K(160256K)] 634442K->444634K(859648K), 0.0406946 secs] [Times: user=0.08 sys=0.19, real=0.04 secs] 
2021-05-16T16:28:29.931-0800: 0.696: [GC (Allocation Failure) [PSYoungGen: 160253K->69812K(232960K)] 561370K->477885K(932352K), 0.0105188 secs] [Times: user=0.06 sys=0.01, real=0.01 secs] 
2021-05-16T16:28:29.957-0800: 0.723: [GC (Allocation Failure) [PSYoungGen: 186548K->92145K(232960K)] 594621K->510240K(932352K), 0.0153445 secs] [Times: user=0.08 sys=0.03, real=0.02 secs] 
2021-05-16T16:28:29.991-0800: 0.756: [GC (Allocation Failure) [PSYoungGen: 208881K->107886K(232960K)] 626976K->543474K(932352K), 0.0209612 secs] [Times: user=0.11 sys=0.04, real=0.02 secs] 
2021-05-16T16:28:30.029-0800: 0.794: [GC (Allocation Failure) [PSYoungGen: 224079K->73796K(232960K)] 659667K->570997K(932352K), 0.0308987 secs] [Times: user=0.06 sys=0.15, real=0.04 secs] 
2021-05-16T16:28:30.078-0800: 0.843: [GC (Allocation Failure) [PSYoungGen: 190515K->39135K(232960K)] 687716K->604874K(932352K), 0.0312736 secs] [Times: user=0.05 sys=0.15, real=0.03 secs] 
2021-05-16T16:28:30.126-0800: 0.892: [GC (Allocation Failure) [PSYoungGen: 155871K->41154K(232960K)] 721610K->642407K(932352K), 0.0178760 secs] [Times: user=0.04 sys=0.08, real=0.02 secs] 
2021-05-16T16:28:30.144-0800: 0.910: [Full GC (Ergonomics) [PSYoungGen: 41154K->0K(232960K)] [ParOldGen: 601253K->339286K(699392K)] 642407K->339286K(932352K), [Metaspace: 2704K->2704K(1056768K)], 0.0514004 secs] [Times: user=0.34 sys=0.02, real=0.05 secs] 
2021-05-16T16:28:30.215-0800: 0.980: [GC (Allocation Failure) [PSYoungGen: 116736K->35025K(232960K)] 456022K->374312K(932352K), 0.0043776 secs] [Times: user=0.03 sys=0.00, real=0.01 secs] 
2021-05-16T16:28:30.236-0800: 1.001: [GC (Allocation Failure) [PSYoungGen: 151761K->39344K(232960K)] 491048K->411359K(932352K), 0.0097571 secs] [Times: user=0.07 sys=0.00, real=0.01 secs] 
2021-05-16T16:28:30.265-0800: 1.030: [GC (Allocation Failure) [PSYoungGen: 156011K->35775K(232960K)] 528025K->442885K(932352K), 0.0101649 secs] [Times: user=0.08 sys=0.00, real=0.01 secs] 
2021-05-16T16:28:30.293-0800: 1.058: [GC (Allocation Failure) [PSYoungGen: 152511K->40538K(232960K)] 559621K->478049K(932352K), 0.0101267 secs] [Times: user=0.08 sys=0.00, real=0.01 secs] 
Heap
 PSYoungGen      total 232960K, used 71274K [0x00000007aab00000, 0x00000007c0000000, 0x00000007c0000000)
  eden space 116736K, 26% used [0x00000007aab00000,0x00000007ac904330,0x00000007b1d00000)
  from space 116224K, 34% used [0x00000007b8e80000,0x00000007bb616858,0x00000007c0000000)
  to   space 116224K, 0% used [0x00000007b1d00000,0x00000007b1d00000,0x00000007b8e80000)
 ParOldGen       total 699392K, used 437511K [0x0000000780000000, 0x00000007aab00000, 0x00000007aab00000)
  object space 699392K, 62% used [0x0000000780000000,0x000000079ab41f58,0x00000007aab00000)
 Metaspace       used 2710K, capacity 4486K, committed 4864K, reserved 1056768K
  class space    used 295K, capacity 386K, committed 512K, reserved 1048576K
