Java HotSpot(TM) 64-Bit Server VM (25.131-b11) for bsd-amd64 JRE (1.8.0_131-b11), built on Mar 15 2017 01:32:22 by "java_re" with gcc 4.2.1 (Based on Apple Inc. build 5658) (LLVM build 2336.11.00)
Memory: 4k page, physical 16777216k(414896k free)

/proc/meminfo:

CommandLine flags: -XX:InitialHeapSize=268435456 -XX:MaxHeapSize=4294967296 -XX:+PrintGC -XX:+PrintGCDateStamps -XX:+PrintGCDetails -XX:+PrintGCTimeStamps -XX:+UseCompressedClassPointers -XX:+UseCompressedOops -XX:+UseParallelGC 
2021-05-16T16:30:02.446-0800: 0.119: [GC (Allocation Failure) [PSYoungGen: 65463K->10735K(76288K)] 65463K->25258K(251392K), 0.0092415 secs] [Times: user=0.01 sys=0.04, real=0.01 secs] 
2021-05-16T16:30:02.469-0800: 0.143: [GC (Allocation Failure) [PSYoungGen: 76271K->10732K(141824K)] 90794K->45463K(316928K), 0.0119434 secs] [Times: user=0.01 sys=0.06, real=0.02 secs] 
2021-05-16T16:30:02.520-0800: 0.193: [GC (Allocation Failure) [PSYoungGen: 141188K->10745K(141824K)] 175919K->88144K(316928K), 0.0208829 secs] [Times: user=0.02 sys=0.11, real=0.02 secs] 
2021-05-16T16:30:02.560-0800: 0.234: [GC (Allocation Failure) [PSYoungGen: 141817K->10744K(272896K)] 219216K->132061K(448000K), 0.0225318 secs] [Times: user=0.03 sys=0.10, real=0.02 secs] 
2021-05-16T16:30:02.583-0800: 0.257: [Full GC (Ergonomics) [PSYoungGen: 10744K->0K(272896K)] [ParOldGen: 121316K->121525K(252416K)] 132061K->121525K(525312K), [Metaspace: 2704K->2704K(1056768K)], 0.0153928 secs] [Times: user=0.09 sys=0.01, real=0.01 secs] 
2021-05-16T16:30:02.682-0800: 0.355: [GC (Allocation Failure) [PSYoungGen: 262144K->10745K(272896K)] 383669K->199455K(525312K), 0.0313614 secs] [Times: user=0.04 sys=0.15, real=0.03 secs] 
2021-05-16T16:30:02.713-0800: 0.387: [Full GC (Ergonomics) [PSYoungGen: 10745K->0K(272896K)] [ParOldGen: 188710K->176770K(346112K)] 199455K->176770K(619008K), [Metaspace: 2704K->2704K(1056768K)], 0.0195850 secs] [Times: user=0.11 sys=0.01, real=0.02 secs] 
2021-05-16T16:30:02.775-0800: 0.449: [GC (Allocation Failure) [PSYoungGen: 262144K->80444K(550400K)] 438914K->257215K(896512K), 0.0368910 secs] [Times: user=0.04 sys=0.18, real=0.04 secs] 
2021-05-16T16:30:02.952-0800: 0.626: [GC (Allocation Failure) [PSYoungGen: 544316K->98290K(562176K)] 721087K->358362K(908288K), 0.0758790 secs] [Times: user=0.09 sys=0.40, real=0.07 secs] 
2021-05-16T16:30:03.028-0800: 0.702: [Full GC (Ergonomics) [PSYoungGen: 98290K->0K(562176K)] [ParOldGen: 260071K->265969K(463360K)] 358362K->265969K(1025536K), [Metaspace: 2704K->2704K(1056768K)], 0.0341713 secs] [Times: user=0.21 sys=0.01, real=0.04 secs] 
2021-05-16T16:30:03.134-0800: 0.807: [GC (Allocation Failure) [PSYoungGen: 463872K->129730K(962048K)] 729841K->395700K(1425408K), 0.0561749 secs] [Times: user=0.06 sys=0.29, real=0.06 secs] 
2021-05-16T16:30:03.376-0800: 1.050: [GC (Allocation Failure) [PSYoungGen: 935618K->171514K(977408K)] 1201588K->519417K(1440768K), 0.1083589 secs] [Times: user=0.12 sys=0.57, real=0.11 secs] 
Heap
 PSYoungGen      total 977408K, used 204343K [0x000000076ab00000, 0x00000007c0000000, 0x00000007c0000000)
  eden space 805888K, 4% used [0x000000076ab00000,0x000000076cb0f5f0,0x000000079be00000)
  from space 171520K, 99% used [0x000000079be00000,0x00000007a657e9c8,0x00000007a6580000)
  to   space 231936K, 0% used [0x00000007b1d80000,0x00000007b1d80000,0x00000007c0000000)
 ParOldGen       total 463360K, used 347902K [0x00000006c0000000, 0x00000006dc480000, 0x000000076ab00000)
  object space 463360K, 75% used [0x00000006c0000000,0x00000006d53bfb10,0x00000006dc480000)
 Metaspace       used 2710K, capacity 4486K, committed 4864K, reserved 1056768K
  class space    used 295K, capacity 386K, committed 512K, reserved 1048576K
