Java HotSpot(TM) 64-Bit Server VM (25.131-b11) for bsd-amd64 JRE (1.8.0_131-b11), built on Mar 15 2017 01:32:22 by "java_re" with gcc 4.2.1 (Based on Apple Inc. build 5658) (LLVM build 2336.11.00)
Memory: 4k page, physical 16777216k(90328k free)

/proc/meminfo:

CommandLine flags: -XX:InitialHeapSize=4294967296 -XX:MaxHeapSize=4294967296 -XX:+PrintGC -XX:+PrintGCDateStamps -XX:+PrintGCDetails -XX:+PrintGCTimeStamps -XX:+UseCompressedClassPointers -XX:+UseCompressedOops -XX:+UseParallelGC 
2021-05-16T16:29:17.133-0800: 0.645: [GC (Allocation Failure) [PSYoungGen: 1048576K->174581K(1223168K)] 1048576K->231392K(4019712K), 0.0989232 secs] [Times: user=0.11 sys=0.53, real=0.10 secs] 
2021-05-16T16:29:17.411-0800: 0.923: [GC (Allocation Failure) [PSYoungGen: 1223157K->174589K(1223168K)] 1279968K->356868K(4019712K), 0.1294941 secs] [Times: user=0.13 sys=0.70, real=0.13 secs] 
Heap
 PSYoungGen      total 1223168K, used 385019K [0x000000076ab00000, 0x00000007c0000000, 0x00000007c0000000)
  eden space 1048576K, 20% used [0x000000076ab00000,0x000000077787f668,0x00000007aab00000)
  from space 174592K, 99% used [0x00000007b5580000,0x00000007bffff748,0x00000007c0000000)
  to   space 174592K, 0% used [0x00000007aab00000,0x00000007aab00000,0x00000007b5580000)
 ParOldGen       total 2796544K, used 182278K [0x00000006c0000000, 0x000000076ab00000, 0x000000076ab00000)
  object space 2796544K, 6% used [0x00000006c0000000,0x00000006cb201bd8,0x000000076ab00000)
 Metaspace       used 2710K, capacity 4486K, committed 4864K, reserved 1056768K
  class space    used 295K, capacity 386K, committed 512K, reserved 1048576K
