Java HotSpot(TM) 64-Bit Server VM (25.131-b11) for bsd-amd64 JRE (1.8.0_131-b11), built on Mar 15 2017 01:32:22 by "java_re" with gcc 4.2.1 (Based on Apple Inc. build 5658) (LLVM build 2336.11.00)
Memory: 4k page, physical 16777216k(461220k free)

/proc/meminfo:

CommandLine flags: -XX:InitialHeapSize=268435456 -XX:MaxHeapSize=8589934592 -XX:+PrintGC -XX:+PrintGCDateStamps -XX:+PrintGCDetails -XX:+PrintGCTimeStamps -XX:+UseCompressedClassPointers -XX:+UseCompressedOops -XX:+UseSerialGC 
2021-05-16T16:37:24.708-0800: 0.120: [GC (Allocation Failure) 2021-05-16T16:37:24.709-0800: 0.120: [DefNew: 69952K->8704K(78656K), 0.0133733 secs] 69952K->23534K(253440K), 0.0134798 secs] [Times: user=0.02 sys=0.01, real=0.02 secs] 
2021-05-16T16:37:24.738-0800: 0.149: [GC (Allocation Failure) 2021-05-16T16:37:24.738-0800: 0.150: [DefNew: 77969K->8703K(78656K), 0.0151314 secs] 92799K->44439K(253440K), 0.0152075 secs] [Times: user=0.01 sys=0.01, real=0.02 secs] 
2021-05-16T16:37:24.765-0800: 0.177: [GC (Allocation Failure) 2021-05-16T16:37:24.765-0800: 0.177: [DefNew: 78655K->8703K(78656K), 0.0137295 secs] 114391K->68348K(253440K), 0.0137961 secs] [Times: user=0.02 sys=0.01, real=0.01 secs] 
2021-05-16T16:37:24.793-0800: 0.205: [GC (Allocation Failure) 2021-05-16T16:37:24.793-0800: 0.205: [DefNew: 78530K->8698K(78656K), 0.0135761 secs] 138176K->93097K(253440K), 0.0136437 secs] [Times: user=0.02 sys=0.00, real=0.01 secs] 
2021-05-16T16:37:24.817-0800: 0.228: [GC (Allocation Failure) 2021-05-16T16:37:24.817-0800: 0.228: [DefNew: 78140K->8702K(78656K), 0.0132872 secs] 162540K->116736K(253440K), 0.0133502 secs] [Times: user=0.01 sys=0.01, real=0.02 secs] 
2021-05-16T16:37:24.839-0800: 0.251: [GC (Allocation Failure) 2021-05-16T16:37:24.839-0800: 0.251: [DefNew: 78601K->8702K(78656K), 0.0124763 secs] 186635K->138964K(253440K), 0.0125409 secs] [Times: user=0.01 sys=0.00, real=0.02 secs] 
2021-05-16T16:37:24.861-0800: 0.273: [GC (Allocation Failure) 2021-05-16T16:37:24.861-0800: 0.273: [DefNew: 78654K->8702K(78656K), 0.0146326 secs] 208916K->165208K(253440K), 0.0146894 secs] [Times: user=0.01 sys=0.01, real=0.01 secs] 
2021-05-16T16:37:24.885-0800: 0.297: [GC (Allocation Failure) 2021-05-16T16:37:24.885-0800: 0.297: [DefNew: 78654K->8699K(78656K), 0.0131581 secs]2021-05-16T16:37:24.898-0800: 0.310: [Tenured: 179957K->159627K(180048K), 0.0235538 secs] 235160K->159627K(258704K), [Metaspace: 2703K->2703K(1056768K)], 0.0369800 secs] [Times: user=0.03 sys=0.00, real=0.04 secs] 
2021-05-16T16:37:24.946-0800: 0.358: [GC (Allocation Failure) 2021-05-16T16:37:24.946-0800: 0.358: [DefNew: 106481K->13246K(119808K), 0.0116238 secs] 266108K->196418K(385856K), 0.0116918 secs] [Times: user=0.01 sys=0.00, real=0.01 secs] 
2021-05-16T16:37:24.974-0800: 0.386: [GC (Allocation Failure) 2021-05-16T16:37:24.974-0800: 0.386: [DefNew: 119806K->13244K(119808K), 0.0254545 secs] 302978K->229928K(385856K), 0.0255193 secs] [Times: user=0.02 sys=0.02, real=0.03 secs] 
2021-05-16T16:37:25.017-0800: 0.429: [GC (Allocation Failure) 2021-05-16T16:37:25.017-0800: 0.429: [DefNew: 119690K->13246K(119808K), 0.0163348 secs] 336374K->256015K(385856K), 0.0163963 secs] [Times: user=0.01 sys=0.00, real=0.02 secs] 
2021-05-16T16:37:25.049-0800: 0.461: [GC (Allocation Failure) 2021-05-16T16:37:25.049-0800: 0.461: [DefNew: 119806K->13248K(119808K), 0.0197390 secs]2021-05-16T16:37:25.069-0800: 0.481: [Tenured: 275819K->235902K(275872K), 0.0350678 secs] 362575K->235902K(395680K), [Metaspace: 2704K->2704K(1056768K)], 0.0550999 secs] [Times: user=0.05 sys=0.01, real=0.06 secs] 
2021-05-16T16:37:25.137-0800: 0.548: [GC (Allocation Failure) 2021-05-16T16:37:25.137-0800: 0.548: [DefNew: 157312K->19647K(176960K), 0.0145360 secs] 393214K->285597K(570132K), 0.0146087 secs] [Times: user=0.01 sys=0.00, real=0.02 secs] 
2021-05-16T16:37:25.173-0800: 0.585: [GC (Allocation Failure) 2021-05-16T16:37:25.173-0800: 0.585: [DefNew: 176959K->19646K(176960K), 0.0389485 secs] 442909K->336520K(570132K), 0.0390539 secs] [Times: user=0.02 sys=0.02, real=0.04 secs] 
2021-05-16T16:37:25.235-0800: 0.647: [GC (Allocation Failure) 2021-05-16T16:37:25.235-0800: 0.647: [DefNew: 176958K->19647K(176960K), 0.0317114 secs] 493832K->386380K(570132K), 0.0318253 secs] [Times: user=0.02 sys=0.01, real=0.03 secs] 
2021-05-16T16:37:25.289-0800: 0.701: [GC (Allocation Failure) 2021-05-16T16:37:25.289-0800: 0.701: [DefNew: 176868K->19645K(176960K), 0.0308223 secs]2021-05-16T16:37:25.320-0800: 0.732: [Tenured: 415288K->312692K(415448K), 0.0446978 secs] 543600K->312692K(592408K), [Metaspace: 2704K->2704K(1056768K)], 0.0758344 secs] [Times: user=0.06 sys=0.01, real=0.08 secs] 
2021-05-16T16:37:25.402-0800: 0.813: [GC (Allocation Failure) 2021-05-16T16:37:25.402-0800: 0.814: [DefNew: 208512K->26047K(234560K), 0.0211511 secs] 521204K->379636K(755716K), 0.0212492 secs] [Times: user=0.02 sys=0.00, real=0.02 secs] 
2021-05-16T16:37:25.453-0800: 0.865: [GC (Allocation Failure) 2021-05-16T16:37:25.453-0800: 0.865: [DefNew: 234559K->26047K(234560K), 0.0293132 secs] 588148K->448288K(755716K), 0.0293864 secs] [Times: user=0.02 sys=0.01, real=0.03 secs] 
2021-05-16T16:37:25.513-0800: 0.925: [GC (Allocation Failure) 2021-05-16T16:37:25.513-0800: 0.925: [DefNew: 234559K->26047K(234560K), 0.0399842 secs] 656800K->511011K(755716K), 0.0400577 secs] [Times: user=0.02 sys=0.02, real=0.04 secs] 
2021-05-16T16:37:25.584-0800: 0.996: [GC (Allocation Failure) 2021-05-16T16:37:25.584-0800: 0.996: [DefNew: 234559K->26047K(234560K), 0.0420599 secs]2021-05-16T16:37:25.626-0800: 1.038: [Tenured: 548864K->342510K(548956K), 0.0577556 secs] 719523K->342510K(783516K), [Metaspace: 2704K->2704K(1056768K)], 0.1000504 secs] [Times: user=0.09 sys=0.01, real=0.10 secs] 
Heap
 def new generation   total 256896K, used 9155K [0x00000005c0000000, 0x00000005d16c0000, 0x000000066aaa0000)
  eden space 228352K,   4% used [0x00000005c0000000, 0x00000005c08f0d80, 0x00000005cdf00000)
  from space 28544K,   0% used [0x00000005cdf00000, 0x00000005cdf00000, 0x00000005cfae0000)
  to   space 28544K,   0% used [0x00000005cfae0000, 0x00000005cfae0000, 0x00000005d16c0000)
 tenured generation   total 570852K, used 342510K [0x000000066aaa0000, 0x000000068d819000, 0x00000007c0000000)
   the space 570852K,  59% used [0x000000066aaa0000, 0x000000067f91b898, 0x000000067f91ba00, 0x000000068d819000)
 Metaspace       used 2710K, capacity 4486K, committed 4864K, reserved 1056768K
  class space    used 295K, capacity 386K, committed 512K, reserved 1048576K
