Java HotSpot(TM) 64-Bit Server VM (25.131-b11) for bsd-amd64 JRE (1.8.0_131-b11), built on Mar 15 2017 01:32:22 by "java_re" with gcc 4.2.1 (Based on Apple Inc. build 5658) (LLVM build 2336.11.00)
Memory: 4k page, physical 16777216k(447592k free)

/proc/meminfo:

CommandLine flags: -XX:InitialHeapSize=536870912 -XX:MaxHeapSize=536870912 -XX:+PrintGC -XX:+PrintGCDateStamps -XX:+PrintGCDetails -XX:+PrintGCTimeStamps -XX:+UseCompressedClassPointers -XX:+UseCompressedOops -XX:+UseSerialGC 
2021-05-16T16:35:22.238-0800: 0.159: [GC (Allocation Failure) 2021-05-16T16:35:22.238-0800: 0.159: [DefNew: 139776K->17471K(157248K), 0.0295077 secs] 139776K->49681K(506816K), 0.0296382 secs] [Times: user=0.02 sys=0.01, real=0.03 secs] 
2021-05-16T16:35:22.291-0800: 0.212: [GC (Allocation Failure) 2021-05-16T16:35:22.291-0800: 0.212: [DefNew: 157247K->17471K(157248K), 0.0347127 secs] 189457K->91466K(506816K), 0.0347958 secs] [Times: user=0.02 sys=0.02, real=0.03 secs] 
2021-05-16T16:35:22.346-0800: 0.267: [GC (Allocation Failure) 2021-05-16T16:35:22.346-0800: 0.267: [DefNew: 157247K->17469K(157248K), 0.0271268 secs] 231242K->132423K(506816K), 0.0272198 secs] [Times: user=0.02 sys=0.01, real=0.03 secs] 
2021-05-16T16:35:22.393-0800: 0.314: [GC (Allocation Failure) 2021-05-16T16:35:22.393-0800: 0.314: [DefNew: 156791K->17471K(157248K), 0.0305884 secs] 271745K->180680K(506816K), 0.0306723 secs] [Times: user=0.02 sys=0.01, real=0.03 secs] 
2021-05-16T16:35:22.444-0800: 0.365: [GC (Allocation Failure) 2021-05-16T16:35:22.444-0800: 0.365: [DefNew: 157247K->17472K(157248K), 0.0281726 secs] 320456K->226599K(506816K), 0.0283021 secs] [Times: user=0.01 sys=0.02, real=0.03 secs] 
2021-05-16T16:35:22.492-0800: 0.413: [GC (Allocation Failure) 2021-05-16T16:35:22.492-0800: 0.413: [DefNew: 157248K->17471K(157248K), 0.0288155 secs] 366375K->273052K(506816K), 0.0288990 secs] [Times: user=0.02 sys=0.01, real=0.03 secs] 
2021-05-16T16:35:22.539-0800: 0.460: [GC (Allocation Failure) 2021-05-16T16:35:22.539-0800: 0.460: [DefNew: 157086K->17467K(157248K), 0.0275942 secs] 412666K->316772K(506816K), 0.0276837 secs] [Times: user=0.02 sys=0.01, real=0.03 secs] 
2021-05-16T16:35:22.589-0800: 0.510: [GC (Allocation Failure) 2021-05-16T16:35:22.589-0800: 0.510: [DefNew: 157243K->157243K(157248K), 0.0000180 secs]2021-05-16T16:35:22.589-0800: 0.510: [Tenured: 299305K->261353K(349568K), 0.0414108 secs] 456548K->261353K(506816K), [Metaspace: 2703K->2703K(1056768K)], 0.0415328 secs] [Times: user=0.04 sys=0.00, real=0.05 secs] 
2021-05-16T16:35:22.652-0800: 0.573: [GC (Allocation Failure) 2021-05-16T16:35:22.652-0800: 0.573: [DefNew: 139776K->17471K(157248K), 0.0064351 secs] 401129K->308701K(506816K), 0.0065073 secs] [Times: user=0.01 sys=0.00, real=0.00 secs] 
2021-05-16T16:35:22.681-0800: 0.602: [GC (Allocation Failure) 2021-05-16T16:35:22.681-0800: 0.602: [DefNew: 157247K->17471K(157248K), 0.0250838 secs] 448477K->352791K(506816K), 0.0251560 secs] [Times: user=0.02 sys=0.01, real=0.02 secs] 
2021-05-16T16:35:22.729-0800: 0.650: [GC (Allocation Failure) 2021-05-16T16:35:22.729-0800: 0.650: [DefNew: 157247K->157247K(157248K), 0.0000197 secs]2021-05-16T16:35:22.729-0800: 0.650: [Tenured: 335319K->305321K(349568K), 0.0446508 secs] 492567K->305321K(506816K), [Metaspace: 2704K->2704K(1056768K)], 0.0447887 secs] [Times: user=0.05 sys=0.00, real=0.05 secs] 
2021-05-16T16:35:22.795-0800: 0.716: [GC (Allocation Failure) 2021-05-16T16:35:22.795-0800: 0.716: [DefNew: 139776K->139776K(157248K), 0.0000279 secs]2021-05-16T16:35:22.795-0800: 0.716: [Tenured: 305321K->310279K(349568K), 0.0484184 secs] 445097K->310279K(506816K), [Metaspace: 2704K->2704K(1056768K)], 0.0485835 secs] [Times: user=0.04 sys=0.00, real=0.05 secs] 
2021-05-16T16:35:22.865-0800: 0.786: [GC (Allocation Failure) 2021-05-16T16:35:22.865-0800: 0.786: [DefNew: 139776K->139776K(157248K), 0.0000187 secs]2021-05-16T16:35:22.865-0800: 0.786: [Tenured: 310279K->300265K(349568K), 0.0469123 secs] 450055K->300265K(506816K), [Metaspace: 2704K->2704K(1056768K)], 0.0470301 secs] [Times: user=0.04 sys=0.00, real=0.05 secs] 
2021-05-16T16:35:22.932-0800: 0.853: [GC (Allocation Failure) 2021-05-16T16:35:22.932-0800: 0.853: [DefNew: 139776K->17471K(157248K), 0.0065438 secs] 440041K->345977K(506816K), 0.0066259 secs] [Times: user=0.01 sys=0.00, real=0.00 secs] 
2021-05-16T16:35:22.958-0800: 0.879: [GC (Allocation Failure) 2021-05-16T16:35:22.958-0800: 0.879: [DefNew: 157247K->157247K(157248K), 0.0000149 secs]2021-05-16T16:35:22.958-0800: 0.879: [Tenured: 328505K->333948K(349568K), 0.0404201 secs] 485753K->333948K(506816K), [Metaspace: 2704K->2704K(1056768K)], 0.0405131 secs] [Times: user=0.04 sys=0.00, real=0.04 secs] 
2021-05-16T16:35:23.020-0800: 0.941: [GC (Allocation Failure) 2021-05-16T16:35:23.020-0800: 0.941: [DefNew: 139776K->139776K(157248K), 0.0000174 secs]2021-05-16T16:35:23.020-0800: 0.941: [Tenured: 333948K->341110K(349568K), 0.0448976 secs] 473724K->341110K(506816K), [Metaspace: 2704K->2704K(1056768K)], 0.0449972 secs] [Times: user=0.04 sys=0.00, real=0.04 secs] 
2021-05-16T16:35:23.087-0800: 1.008: [GC (Allocation Failure) 2021-05-16T16:35:23.087-0800: 1.008: [DefNew: 139776K->139776K(157248K), 0.0000176 secs]2021-05-16T16:35:23.087-0800: 1.008: [Tenured: 341110K->344956K(349568K), 0.0472258 secs] 480886K->344956K(506816K), [Metaspace: 2704K->2704K(1056768K)], 0.0473300 secs] [Times: user=0.04 sys=0.00, real=0.05 secs] 
Heap
 def new generation   total 157248K, used 117221K [0x00000007a0000000, 0x00000007aaaa0000, 0x00000007aaaa0000)
  eden space 139776K,  83% used [0x00000007a0000000, 0x00000007a72795c0, 0x00000007a8880000)
  from space 17472K,   0% used [0x00000007a8880000, 0x00000007a8880000, 0x00000007a9990000)
  to   space 17472K,   0% used [0x00000007a9990000, 0x00000007a9990000, 0x00000007aaaa0000)
 tenured generation   total 349568K, used 344956K [0x00000007aaaa0000, 0x00000007c0000000, 0x00000007c0000000)
   the space 349568K,  98% used [0x00000007aaaa0000, 0x00000007bfb7f1c0, 0x00000007bfb7f200, 0x00000007c0000000)
 Metaspace       used 2710K, capacity 4486K, committed 4864K, reserved 1056768K
  class space    used 295K, capacity 386K, committed 512K, reserved 1048576K
