Java HotSpot(TM) 64-Bit Server VM (25.131-b11) for bsd-amd64 JRE (1.8.0_131-b11), built on Mar 15 2017 01:32:22 by "java_re" with gcc 4.2.1 (Based on Apple Inc. build 5658) (LLVM build 2336.11.00)
Memory: 4k page, physical 16777216k(413328k free)

/proc/meminfo:

CommandLine flags: -XX:InitialHeapSize=2147483648 -XX:MaxHeapSize=2147483648 -XX:+PrintGC -XX:+PrintGCDateStamps -XX:+PrintGCDetails -XX:+PrintGCTimeStamps -XX:+UseCompressedClassPointers -XX:+UseCompressedOops -XX:+UseSerialGC 
2021-05-16T16:36:15.063-0800: 0.387: [GC (Allocation Failure) 2021-05-16T16:36:15.063-0800: 0.387: [DefNew: 559232K->69888K(629120K), 0.0872757 secs] 559232K->151189K(2027264K), 0.0874041 secs] [Times: user=0.05 sys=0.03, real=0.09 secs] 
2021-05-16T16:36:15.249-0800: 0.573: [GC (Allocation Failure) 2021-05-16T16:36:15.249-0800: 0.573: [DefNew: 629120K->69888K(629120K), 0.1135211 secs] 710421K->277449K(2027264K), 0.1136138 secs] [Times: user=0.06 sys=0.05, real=0.12 secs] 
2021-05-16T16:36:15.449-0800: 0.773: [GC (Allocation Failure) 2021-05-16T16:36:15.449-0800: 0.773: [DefNew: 629120K->69888K(629120K), 0.0871142 secs] 836681K->408391K(2027264K), 0.0872196 secs] [Times: user=0.05 sys=0.03, real=0.09 secs] 
2021-05-16T16:36:15.624-0800: 0.948: [GC (Allocation Failure) 2021-05-16T16:36:15.624-0800: 0.948: [DefNew: 629120K->69887K(629120K), 0.0867748 secs] 967623K->538301K(2027264K), 0.0868964 secs] [Times: user=0.06 sys=0.03, real=0.09 secs] 
Heap
 def new generation   total 629120K, used 334776K [0x0000000740000000, 0x000000076aaa0000, 0x000000076aaa0000)
  eden space 559232K,  47% used [0x0000000740000000, 0x00000007502ae0b0, 0x0000000762220000)
  from space 69888K,  99% used [0x0000000762220000, 0x000000076665fff0, 0x0000000766660000)
  to   space 69888K,   0% used [0x0000000766660000, 0x0000000766660000, 0x000000076aaa0000)
 tenured generation   total 1398144K, used 468413K [0x000000076aaa0000, 0x00000007c0000000, 0x00000007c0000000)
   the space 1398144K,  33% used [0x000000076aaa0000, 0x000000078740f7e8, 0x000000078740f800, 0x00000007c0000000)
 Metaspace       used 2710K, capacity 4486K, committed 4864K, reserved 1056768K
  class space    used 295K, capacity 386K, committed 512K, reserved 1048576K
