Java HotSpot(TM) 64-Bit Server VM (25.131-b11) for bsd-amd64 JRE (1.8.0_131-b11), built on Mar 15 2017 01:32:22 by "java_re" with gcc 4.2.1 (Based on Apple Inc. build 5658) (LLVM build 2336.11.00)
Memory: 4k page, physical 16777216k(387336k free)

/proc/meminfo:

CommandLine flags: -XX:InitialHeapSize=2147483648 -XX:MaxHeapSize=2147483648 -XX:MaxNewSize=697933824 -XX:MaxTenuringThreshold=6 -XX:NewSize=697933824 -XX:OldPLABSize=16 -XX:OldSize=1395867648 -XX:+PrintGC -XX:+PrintGCDateStamps -XX:+PrintGCDetails -XX:+PrintGCTimeStamps -XX:+UseCompressedClassPointers -XX:+UseCompressedOops -XX:+UseConcMarkSweepGC -XX:+UseParNewGC 
2021-05-16T16:31:40.482-0800: 0.375: [GC (Allocation Failure) 2021-05-16T16:31:40.482-0800: 0.375: [ParNew: 545344K->68095K(613440K), 0.0631892 secs] 545344K->145423K(2029056K), 0.0633246 secs] [Times: user=0.10 sys=0.32, real=0.06 secs] 
2021-05-16T16:31:40.640-0800: 0.533: [GC (Allocation Failure) 2021-05-16T16:31:40.640-0800: 0.533: [ParNew: 613439K->68096K(613440K), 0.0734837 secs] 690767K->275861K(2029056K), 0.0735762 secs] [Times: user=0.13 sys=0.35, real=0.07 secs] 
2021-05-16T16:31:40.800-0800: 0.692: [GC (Allocation Failure) 2021-05-16T16:31:40.800-0800: 0.693: [ParNew: 613440K->68096K(613440K), 0.0882433 secs] 821205K->395329K(2029056K), 0.0883404 secs] [Times: user=0.56 sys=0.06, real=0.08 secs] 
2021-05-16T16:31:40.970-0800: 0.863: [GC (Allocation Failure) 2021-05-16T16:31:40.970-0800: 0.863: [ParNew: 613440K->68096K(613440K), 0.0946861 secs] 940673K->526791K(2029056K), 0.0947818 secs] [Times: user=0.59 sys=0.07, real=0.09 secs] 
2021-05-16T16:31:41.148-0800: 1.041: [GC (Allocation Failure) 2021-05-16T16:31:41.148-0800: 1.041: [ParNew: 613440K->68096K(613440K), 0.0910792 secs] 1072135K->651214K(2029056K), 0.0911785 secs] [Times: user=0.54 sys=0.06, real=0.10 secs] 
Heap
 par new generation   total 613440K, used 89960K [0x0000000740000000, 0x0000000769990000, 0x0000000769990000)
  eden space 545344K,   4% used [0x0000000740000000, 0x000000074155a2d0, 0x0000000761490000)
  from space 68096K, 100% used [0x0000000765710000, 0x0000000769990000, 0x0000000769990000)
  to   space 68096K,   0% used [0x0000000761490000, 0x0000000761490000, 0x0000000765710000)
 concurrent mark-sweep generation total 1415616K, used 583118K [0x0000000769990000, 0x00000007c0000000, 0x00000007c0000000)
 Metaspace       used 2710K, capacity 4486K, committed 4864K, reserved 1056768K
  class space    used 295K, capacity 386K, committed 512K, reserved 1048576K
